// Jest Snapshot v1, https://goo.gl/fbAQLP

exports[`pruebas en LoginScreen.tsx debe mostrarse correctamente con el snapshot 1`] = `
<div
  className="container mt-5"
>
  <h1>
    LoginScreen
  </h1>
  <hr />
  <button
    className="btn btn-primary"
    onClick={[Function]}
  >
    Login
  </button>
</div>
`;

exports[`pruebas en LoginScreen.tsx debe realizar el dispatch y la navegacion 1`] = `
<div
  className="container mt-5"
>
  <h1>
    LoginScreen
  </h1>
  <hr />
  <button
    className="btn btn-primary"
    onClick={[Function]}
  >
    Login
  </button>
</div>
`;
