// Jest Snapshot v1, https://goo.gl/fbAQLP

exports[`pruebas en DcScreen.tsx debe mostrarse correctamente con el snapshot 1`] = `
<div>
  <h1>
    DcScreen
  </h1>
  <HeroList
    publisher="DC Comics"
  />
</div>
`;
