// Jest Snapshot v1, https://goo.gl/fbAQLP

exports[`pruebas en MarvelScreen.tsx debe mostrarse correctamente con el snapshot 1`] = `
<div>
  <h1>
    MarvelScreen
  </h1>
  <HeroList
    publisher="Marvel Comics"
  />
</div>
`;
